Checking patch public/moral-trade-live-command-center.js...
Checking patch src/app/api/command/health/route.ts...
Checking patch src/app/api/command/sessions/[sessionId]/route.ts...
Checking patch src/app/api/command/sessions/[sessionId]/turn/route.ts...
Checking patch src/app/api/command/sessions/route.ts...
Checking patch src/app/api/command/tool-calls/[toolCallId]/confirm/route.ts...
Checking patch src/app/command/command.module.css...
Checking patch src/app/command/page.tsx...
Checking patch src/app/mpgf/pools/new/page.tsx...
Checking patch src/components/command/command-workspace.module.css...
Checking patch src/components/command/command-workspace.tsx...
Checking patch src/components/mpgf/mpgf-console.tsx...
Checking patch src/lib/command-center-handoff.test.ts...
Checking patch src/lib/command/capabilities.test.ts...
Checking patch src/lib/command/capabilities.ts...
Checking patch src/lib/command/confirmation.ts...
Checking patch src/lib/command/executor.test.ts...
Checking patch src/lib/command/executor.ts...
Checking patch src/lib/command/persistence.ts...
Checking patch src/lib/command/planner.test.ts...
Checking patch src/lib/command/planner.ts...
Checking patch src/lib/command/service.ts...
Checking patch src/lib/command/trade-parser.ts...
Checking patch src/lib/command/types.ts...
Checking patch src/lib/command/workspace-contract.test.ts...
Checking patch src/lib/site-search.ts...
Checking patch src/lib/site.ts...
Checking patch supabase/migrations/20260723110000_universal_command_workspace.sql...
Checking patch tests/exact-live-command-center.spec.ts...
