staging_sha=ef7f478d6f393e70c2d21de2e327e3ecbc5bc0ea
recorded_at=2026-07-27T08:51:21Z

 4000 .qa/home-authenticated-feed-bundle/part-00
 4000 .qa/home-authenticated-feed-bundle/part-01
 4000 .qa/home-authenticated-feed-bundle/part-02
 4000 .qa/home-authenticated-feed-bundle/part-03
 4000 .qa/home-authenticated-feed-bundle/part-04
 4000 .qa/home-authenticated-feed-bundle/part-05
 4000 .qa/home-authenticated-feed-bundle/part-06
 4000 .qa/home-authenticated-feed-bundle/part-07
 1792 .qa/home-authenticated-feed-bundle/part-080
  448 .qa/home-authenticated-feed-bundle/part-0810
  448 .qa/home-authenticated-feed-bundle/part-0811
  448 .qa/home-authenticated-feed-bundle/part-0812
  448 .qa/home-authenticated-feed-bundle/part-0813
35584 total

c42a62530ce7746398e9df6a1353df540ec2bd11523dc828e41b88b756e1d627  .qa/home-authenticated-feed-bundle/part-00
1cabea33b52158959218841f56c4fe3a8e49225c065e891b51de1254d2e45981  .qa/home-authenticated-feed-bundle/part-01
9253d35dc8ced8c8b3629cb0b9129355b64a00cfc90594224cbe867ef4785109  .qa/home-authenticated-feed-bundle/part-02
6b9682f61bf4b5dc61bfad1d0a9cba9da69d6c74443aefb685e3617859c1d6a7  .qa/home-authenticated-feed-bundle/part-03
48d6c60fa267556a456a924e5fb5f1d1cfa3ea1b43a2128943288f307c31ac0e  .qa/home-authenticated-feed-bundle/part-04
9c1d72ac072483f7902372edbaf2bfd22bf0a1c94b1893b77bc2aff574a258f6  .qa/home-authenticated-feed-bundle/part-05
ba15f2f7c6a2ec9c525805dcf85fe55353f44df6d2bb3f3f23c6f570e0a06f35  .qa/home-authenticated-feed-bundle/part-06
f32ce33bae687735c1ff9c783e7d5ea9ec8f9643f00ed70a12a734eefa299aa6  .qa/home-authenticated-feed-bundle/part-07
3e7b130e08ef112ee413366b69431d50ce9407d830656e2ba1fbac291e4c9797  .qa/home-authenticated-feed-bundle/part-080
b0247deb7cce87ff9d8070b5e08117552993f320669d8dcaa91ba1666737820d  .qa/home-authenticated-feed-bundle/part-0810
262193dead5a567beac78d3028e66e9d4b45326ed06ceaf40ec4acb2c8fe5cd4  .qa/home-authenticated-feed-bundle/part-0811
9b4e32adb4b35fbd39561c3115f096db98fa6acd348d96ea329f0425e08a7434  .qa/home-authenticated-feed-bundle/part-0812
774d5afa8d17d2d4bd6bde07c01b01974bc73f3ffee61777a759a5195d8a5446  .qa/home-authenticated-feed-bundle/part-0813

combined_base64_bytes=35584
cfb408e37ed0dc12383cd6790696c924765d0dfef2dc7ad04cfddd670da6cc87  /tmp/home-feed-bundle.b64
decoded_zip_bytes=26688
45fbc35e462c65c9b53785cdec2b6510576fc560bd5ee7bd2d6c1c5026d2c133  /tmp/home-feed-bundle.zip
