src/lib/discovery-ranking.test.ts(46,5): error TS2783: 'id' is specified more than once, so this usage will be overwritten.
src/lib/discovery-ranking.test.ts(68,5): error TS2783: 'id' is specified more than once, so this usage will be overwritten.
src/lib/discovery-ranking.test.ts(69,5): error TS2783: 'resolvedName' is specified more than once, so this usage will be overwritten.
src/lib/funding.test.ts(19,51): error TS2352: Conversion of type '{ MORAL_TRADE_FUNDING_MODE: string; FISCAL_SPONSOR_LEGAL_NAME: string; }' to type 'ProcessEnv' may be a mistake because neither type sufficiently overlaps with the other. If this was intentional, convert the expression to 'unknown' first.
  Property 'NODE_ENV' is missing in type '{ MORAL_TRADE_FUNDING_MODE: string; FISCAL_SPONSOR_LEGAL_NAME: string; }' but required in type 'ProcessEnv'.
src/lib/funding.test.ts(31,51): error TS2352: Conversion of type '{ MORAL_TRADE_FUNDING_MODE: string; FISCAL_SPONSOR_LEGAL_NAME: string; FISCAL_SPONSOR_JURISDICTION: string; FISCAL_SPONSOR_CONTRIBUTION_URL: string; FISCAL_SPONSOR_FEE_DISCLOSURE: string; FISCAL_SPONSOR_TAX_RECEIPT_DISCLOSURE: string; FISCAL_SPONSOR_REFUND_POLICY_URL: string; }' to type 'ProcessEnv' may be a mistake because neither type sufficiently overlaps with the other. If this was intentional, convert the expression to 'unknown' first.
  Property 'NODE_ENV' is missing in type '{ MORAL_TRADE_FUNDING_MODE: string; FISCAL_SPONSOR_LEGAL_NAME: string; FISCAL_SPONSOR_JURISDICTION: string; FISCAL_SPONSOR_CONTRIBUTION_URL: string; FISCAL_SPONSOR_FEE_DISCLOSURE: string; FISCAL_SPONSOR_TAX_RECEIPT_DISCLOSURE: string; FISCAL_SPONSOR_REFUND_POLICY_URL: string; }' but required in type 'ProcessEnv'.
src/lib/funding.test.ts(51,51): error TS2352: Conversion of type '{ MORAL_TRADE_FUNDING_MODE: string; FISCAL_SPONSOR_LEGAL_NAME: string; FISCAL_SPONSOR_JURISDICTION: string; FISCAL_SPONSOR_CONTRIBUTION_URL: string; FISCAL_SPONSOR_FEE_DISCLOSURE: string; FISCAL_SPONSOR_TAX_RECEIPT_DISCLOSURE: string; FISCAL_SPONSOR_REFUND_POLICY_URL: string; }' to type 'ProcessEnv' may be a mistake because neither type sufficiently overlaps with the other. If this was intentional, convert the expression to 'unknown' first.
  Property 'NODE_ENV' is missing in type '{ MORAL_TRADE_FUNDING_MODE: string; FISCAL_SPONSOR_LEGAL_NAME: string; FISCAL_SPONSOR_JURISDICTION: string; FISCAL_SPONSOR_CONTRIBUTION_URL: string; FISCAL_SPONSOR_FEE_DISCLOSURE: string; FISCAL_SPONSOR_TAX_RECEIPT_DISCLOSURE: string; FISCAL_SPONSOR_REFUND_POLICY_URL: string; }' but required in type 'ProcessEnv'.
src/lib/mpgf/failure-bonus-operator.test.ts(28,42): error TS2339: Property 'errors' does not exist on type 'never'.
src/lib/payments/conditional-state.test.ts(192,60): error TS2352: Conversion of type '{ VERCEL_ENV: string; STRIPE_SECRET_KEY: string; }' to type 'ProcessEnv' may be a mistake because neither type sufficiently overlaps with the other. If this was intentional, convert the expression to 'unknown' first.
  Property 'NODE_ENV' is missing in type '{ VERCEL_ENV: string; STRIPE_SECRET_KEY: string; }' but required in type 'ProcessEnv'.
src/lib/payments/conditional-state.test.ts(200,63): error TS2352: Conversion of type '{ CONDITIONAL_PAYMENTS_MODE: string; VERCEL_ENV: string; STRIPE_SECRET_KEY: string; }' to type 'ProcessEnv' may be a mistake because neither type sufficiently overlaps with the other. If this was intentional, convert the expression to 'unknown' first.
  Property 'NODE_ENV' is missing in type '{ CONDITIONAL_PAYMENTS_MODE: string; VERCEL_ENV: string; STRIPE_SECRET_KEY: string; }' but required in type 'ProcessEnv'.
src/lib/payments/conditional-state.test.ts(212,54): error TS2352: Conversion of type '{ CONDITIONAL_PAYMENTS_MODE: string; STRIPE_SECRET_KEY: string; }' to type 'ProcessEnv' may be a mistake because neither type sufficiently overlaps with the other. If this was intentional, convert the expression to 'unknown' first.
  Property 'NODE_ENV' is missing in type '{ CONDITIONAL_PAYMENTS_MODE: string; STRIPE_SECRET_KEY: string; }' but required in type 'ProcessEnv'.
src/lib/payments/conditional-state.test.ts(219,57): error TS2352: Conversion of type '{ CONDITIONAL_PAYMENTS_MODE: string; STRIPE_SECRET_KEY: string; }' to type 'ProcessEnv' may be a mistake because neither type sufficiently overlaps with the other. If this was intentional, convert the expression to 'unknown' first.
  Property 'NODE_ENV' is missing in type '{ CONDITIONAL_PAYMENTS_MODE: string; STRIPE_SECRET_KEY: string; }' but required in type 'ProcessEnv'.
src/lib/public-route-smoke.test.ts(43,20): error TS2339: Property 'map' does not exist on type '{}'.
src/lib/public-route-smoke.test.ts(43,25): error TS7006: Parameter 'item' implicitly has an 'any' type.
src/lib/public-route-smoke.test.ts(98,60): error TS2345: Argument of type 'string' is not assignable to parameter of type '"/trades/new" | "/feed" | "/walkthrough" | "/discover" | "/worked-examples" | "/cohort" | "/evidence" | "/messages" | "/what-is-moral-trade" | "/moral-trade/technical-spec" | ... 11 more ... | "/trade-controls"'.
src/lib/recommendation-training-execution.test.ts(22,5): error TS2345: Argument of type '{ VERCEL_DEPLOYMENT_ID: string; }' is not assignable to parameter of type 'ProcessEnv'.
  Property 'NODE_ENV' is missing in type '{ VERCEL_DEPLOYMENT_ID: string; }' but required in type 'ProcessEnv'.
src/lib/recommendation-training-execution.test.ts(40,5): error TS2345: Argument of type '{}' is not assignable to parameter of type 'ProcessEnv'.
  Property 'NODE_ENV' is missing in type '{}' but required in type 'ProcessEnv'.
src/lib/recommendation-training-execution.test.ts(56,5): error TS2345: Argument of type '{}' is not assignable to parameter of type 'ProcessEnv'.
  Property 'NODE_ENV' is missing in type '{}' but required in type 'ProcessEnv'.
src/lib/x-profile-connector.test.ts(20,18): error TS2352: Conversion of type '{ X_PROFILE_CONNECTOR_ENABLED: string; X_OAUTH_CLIENT_ID: string; X_OAUTH_CLIENT_SECRET: string; }' to type 'ProcessEnv' may be a mistake because neither type sufficiently overlaps with the other. If this was intentional, convert the expression to 'unknown' first.
  Property 'NODE_ENV' is missing in type '{ X_PROFILE_CONNECTOR_ENABLED: string; X_OAUTH_CLIENT_ID: string; X_OAUTH_CLIENT_SECRET: string; }' but required in type 'ProcessEnv'.
src/lib/x-profile-connector.test.ts(37,7): error TS2741: Property 'NODE_ENV' is missing in type '{}' but required in type 'ProcessEnv'.
src/live-account-data.test.ts(40,57): error TS1501: This regular expression flag is only available when targeting 'es2018' or later.
src/sitewide-account-identity.test.ts(40,64): error TS1501: This regular expression flag is only available when targeting 'es2018' or later.
